// Jest Snapshot v1, https://goo.gl/fbAQLP

exports[`<Button /> should match snapshot 1`] = `
.c0 {
  border: round;
}

.c1 {
  cursor: pointer;
  text-align: center;
  display: -webkit-box;
  display: -webkit-flex;
  display: -ms-flexbox;
  display: flex;
  -webkit-align-items: center;
  -webkit-box-align: center;
  -ms-flex-align: center;
  align-items: center;
  -webkit-box-pack: center;
  -webkit-justify-content: center;
  -ms-flex-pack: center;
  justify-content: center;
  border: none;
  border-radius: 5rem;
  -webkit-transition: all .4s cubic-bezier(0.075,0.82,0.165,1);
  transition: all .4s cubic-bezier(0.075,0.82,0.165,1);
}

.c1:hover {
  opacity: 0.9;
}

<div>
  <button
    class="c0 c1"
    data-testid="Button"
  >
    Button
  </button>
</div>
`;
